// Jest Snapshot v1, https://goo.gl/fbAQLP

exports[`Test in ArticleGridItem it should show <ArticleGridItem/> correctly 1`] = `
<Fragment>
  <div
    className="card text-white text-left p-3"
    style={
      Object {
        "backgroundColor": "#007bff",
      }
    }
  >
    <small>
      24 December 2019
    </small>
    <blockquote
      className="blockquote mb-0"
    >
      <p>
        A title
      </p>
      <div
        className="blockquote-footer text-white"
      >
        <small>
          This is a paragraph to show for the test
        </small>
      </div>
      <button
        className="btn btn-outline-light mt-4"
        type="button"
      >
        Read More
      </button>
    </blockquote>
  </div>
</Fragment>
`;
